// Vitest Snapshot v1, https://vitest.dev/guide/snapshot.html

exports[`App Visual Regression Tests > renders error state correctly 1`] = `"<div class="app"><h1>Regex Debugger + Learning Tool</h1><div><label>Regex:<input placeholder="Enter your regex" type="text" value=""></label></div><div><label>Text:<textarea placeholder="Enter text to match against"></textarea></label></div><button>Execute</button><div><button disabled="">Previous Step</button><button>Next Step</button></div><div><h2>Explanation:</h2><p>No explanation available for this pattern</p></div><div><h2>Matches:</h2><div style="background-color: rgb(255, 221, 221); padding: 10px; color: red;"><p>Error: Invalid regular expression</p></div></div></div>"`;

exports[`App Visual Regression Tests > renders matches correctly 1`] = `"<div class="app"><h1>Regex Debugger + Learning Tool</h1><div><label>Regex:<input placeholder="Enter your regex" type="text" value=""></label></div><div><label>Text:<textarea placeholder="Enter text to match against"></textarea></label></div><button>Execute</button><div><button disabled="">Previous Step</button><button>Next Step</button></div><div><h2>Explanation:</h2><p>No explanation available for this pattern</p></div><div><h2>Matches:</h2><div style="background-color: rgb(244, 244, 244); padding: 10px;"><p>Current Match: match1</p></div></div></div>"`;

exports[`App Visual Regression Tests > renders step navigation correctly 1`] = `"<div class="app"><h1>Regex Debugger + Learning Tool</h1><div><label>Regex:<input placeholder="Enter your regex" type="text" value=""></label></div><div><label>Text:<textarea placeholder="Enter text to match against"></textarea></label></div><button>Execute</button><div><button>Previous Step</button><button>Next Step</button></div><div><h2>Explanation:</h2><p>No explanation available for this pattern</p></div><div><h2>Matches:</h2><div style="background-color: rgb(244, 244, 244); padding: 10px;"><p>Current Match: match2</p></div></div></div>"`;

exports[`App Visual Regression Tests > renders step navigation correctly 2`] = `"<div class="app"><h1>Regex Debugger + Learning Tool</h1><div><label>Regex:<input placeholder="Enter your regex" type="text" value=""></label></div><div><label>Text:<textarea placeholder="Enter text to match against"></textarea></label></div><button>Execute</button><div><button>Previous Step</button><button>Next Step</button></div><div><h2>Explanation:</h2><p>No explanation available for this pattern</p></div><div><h2>Matches:</h2><div style="background-color: rgb(244, 244, 244); padding: 10px;"><p>Current Match: match2</p></div></div></div>"`;

exports[`App Visual Regression Tests > renders the initial UI correctly 1`] = `"<div class="app"><h1>Regex Debugger + Learning Tool</h1><div><label>Regex:<input placeholder="Enter your regex" type="text" value=""></label></div><div><label>Text:<textarea placeholder="Enter text to match against"></textarea></label></div><button>Execute</button><div><button disabled="">Previous Step</button><button>Next Step</button></div><div><h2>Explanation:</h2><p>No explanation available for this pattern</p></div><div><h2>Matches:</h2><p>No matches found.</p></div></div>"`;
